2026-08-05T08:55:09.580816Z	info	dns	Starting local udp DNS server on 127.0.0.1:0
2026-08-05T08:55:09.581329Z	info	dns	Starting local tcp DNS server on 127.0.0.1:0
fuzz: elapsed: 0s, gathering baseline coverage: 0/336 completed
fuzz: elapsed: 2s, gathering baseline coverage: 336/336 completed, now fuzzing with 4 workers
fuzz: elapsed: 3s, execs: 29197 (9731/sec), new interesting: 4 (total: 340)
fuzz: elapsed: 6s, execs: 82035 (17613/sec), new interesting: 8 (total: 344)
fuzz: elapsed: 9s, execs: 125545 (14505/sec), new interesting: 15 (total: 351)
fuzz: elapsed: 12s, execs: 168831 (14424/sec), new interesting: 20 (total: 356)
fuzz: elapsed: 15s, execs: 211082 (14089/sec), new interesting: 28 (total: 364)
fuzz: elapsed: 18s, execs: 422766 (70540/sec), new interesting: 38 (total: 374)
fuzz: elapsed: 21s, execs: 490152 (22464/sec), new interesting: 61 (total: 397)
fuzz: elapsed: 24s, execs: 554691 (21515/sec), new interesting: 66 (total: 402)
fuzz: elapsed: 27s, execs: 624070 (23113/sec), new interesting: 72 (total: 408)
fuzz: elapsed: 30s, execs: 911864 (95997/sec), new interesting: 79 (total: 415)
fuzz: elapsed: 33s, execs: 964362 (17499/sec), new interesting: 81 (total: 417)
fuzz: elapsed: 36s, execs: 1010295 (15309/sec), new interesting: 89 (total: 425)
fuzz: elapsed: 39s, execs: 1069758 (19822/sec), new interesting: 99 (total: 435)
fuzz: elapsed: 42s, execs: 1224542 (51591/sec), new interesting: 106 (total: 442)
fuzz: elapsed: 45s, execs: 1276979 (17480/sec), new interesting: 107 (total: 443)
fuzz: elapsed: 48s, execs: 1364234 (29082/sec), new interesting: 109 (total: 445)
fuzz: elapsed: 51s, execs: 1424732 (20165/sec), new interesting: 111 (total: 447)
fuzz: elapsed: 54s, execs: 1655748 (77025/sec), new interesting: 124 (total: 460)
fuzz: elapsed: 57s, execs: 1731775 (25338/sec), new interesting: 136 (total: 472)
fuzz: elapsed: 1m0s, execs: 1844865 (37703/sec), new interesting: 138 (total: 474)
fuzz: elapsed: 1m3s, execs: 1929609 (28242/sec), new interesting: 139 (total: 475)
fuzz: elapsed: 1m6s, execs: 2010985 (27129/sec), new interesting: 142 (total: 478)
fuzz: elapsed: 1m9s, execs: 2084995 (24668/sec), new interesting: 151 (total: 487)
fuzz: elapsed: 1m12s, execs: 2138991 (17998/sec), new interesting: 158 (total: 494)
fuzz: elapsed: 1m15s, execs: 2228496 (29842/sec), new interesting: 160 (total: 496)
fuzz: elapsed: 1m18s, execs: 2313976 (28489/sec), new interesting: 165 (total: 501)
fuzz: elapsed: 1m21s, execs: 2398008 (27995/sec), new interesting: 168 (total: 504)
fuzz: elapsed: 1m24s, execs: 2478279 (26773/sec), new interesting: 170 (total: 506)
fuzz: elapsed: 1m27s, execs: 2513799 (11840/sec), new interesting: 175 (total: 511)
fuzz: elapsed: 1m30s, execs: 2600880 (29024/sec), new interesting: 185 (total: 521)
fuzz: elapsed: 1m33s, execs: 2758404 (52479/sec), new interesting: 188 (total: 524)
fuzz: elapsed: 1m36s, execs: 2836373 (26002/sec), new interesting: 190 (total: 526)
fuzz: elapsed: 1m39s, execs: 2898103 (20575/sec), new interesting: 192 (total: 528)
fuzz: elapsed: 1m42s, execs: 2962277 (21384/sec), new interesting: 193 (total: 529)
fuzz: elapsed: 1m45s, execs: 3026525 (21416/sec), new interesting: 195 (total: 531)
fuzz: elapsed: 1m48s, execs: 3073285 (15587/sec), new interesting: 198 (total: 534)
fuzz: elapsed: 1m51s, execs: 3108517 (11750/sec), new interesting: 202 (total: 538)
fuzz: elapsed: 1m54s, execs: 3399792 (97041/sec), new interesting: 208 (total: 544)
fuzz: elapsed: 1m57s, execs: 3512524 (37515/sec), new interesting: 214 (total: 550)
fuzz: elapsed: 2m0s, execs: 3613057 (33581/sec), new interesting: 215 (total: 551)
fuzz: elapsed: 2m3s, execs: 3675742 (20900/sec), new interesting: 215 (total: 551)
fuzz: elapsed: 2m6s, execs: 3738170 (20798/sec), new interesting: 217 (total: 553)
fuzz: elapsed: 2m9s, execs: 3800890 (20918/sec), new interesting: 219 (total: 555)
fuzz: elapsed: 2m12s, execs: 3869090 (22731/sec), new interesting: 227 (total: 563)
fuzz: elapsed: 2m15s, execs: 3999987 (43627/sec), new interesting: 235 (total: 571)
fuzz: elapsed: 2m18s, execs: 4065767 (21930/sec), new interesting: 236 (total: 572)
fuzz: elapsed: 2m21s, execs: 4121900 (18709/sec), new interesting: 236 (total: 572)
fuzz: elapsed: 2m24s, execs: 4164695 (14264/sec), new interesting: 236 (total: 572)
fuzz: elapsed: 2m27s, execs: 4205446 (13586/sec), new interesting: 236 (total: 572)
fuzz: elapsed: 2m30s, execs: 4406601 (67052/sec), new interesting: 238 (total: 574)
fuzz: elapsed: 2m33s, execs: 4445895 (13100/sec), new interesting: 240 (total: 576)
fuzz: elapsed: 2m36s, execs: 4627062 (60375/sec), new interesting: 240 (total: 576)
fuzz: elapsed: 2m39s, execs: 4662366 (11770/sec), new interesting: 244 (total: 580)
fuzz: elapsed: 2m42s, execs: 4766405 (34676/sec), new interesting: 250 (total: 586)
fuzz: elapsed: 2m45s, execs: 4821685 (18427/sec), new interesting: 254 (total: 590)
fuzz: elapsed: 2m48s, execs: 4876331 (18216/sec), new interesting: 254 (total: 590)
fuzz: elapsed: 2m51s, execs: 4938833 (20832/sec), new interesting: 254 (total: 590)
fuzz: elapsed: 2m54s, execs: 5002179 (21113/sec), new interesting: 254 (total: 590)
fuzz: elapsed: 2m57s, execs: 5063289 (20370/sec), new interesting: 254 (total: 590)
fuzz: elapsed: 3m0s, execs: 5097936 (11552/sec), new interesting: 256 (total: 592)
fuzz: elapsed: 3m3s, execs: 5120222 (7428/sec), new interesting: 258 (total: 594)
fuzz: elapsed: 3m6s, execs: 5216099 (31955/sec), new interesting: 261 (total: 597)
fuzz: elapsed: 3m9s, execs: 5249117 (11008/sec), new interesting: 265 (total: 601)
fuzz: elapsed: 3m12s, execs: 5271905 (7596/sec), new interesting: 266 (total: 602)
fuzz: elapsed: 3m15s, execs: 5296144 (8079/sec), new interesting: 270 (total: 606)
fuzz: elapsed: 3m18s, execs: 5421578 (41816/sec), new interesting: 272 (total: 608)
fuzz: elapsed: 3m21s, execs: 5693881 (90760/sec), new interesting: 273 (total: 609)
fuzz: elapsed: 3m24s, execs: 5745924 (17348/sec), new interesting: 273 (total: 609)
fuzz: elapsed: 3m27s, execs: 5795549 (16540/sec), new interesting: 273 (total: 609)
fuzz: elapsed: 3m30s, execs: 5853091 (19185/sec), new interesting: 274 (total: 610)
fuzz: elapsed: 3m33s, execs: 5928522 (25141/sec), new interesting: 276 (total: 612)
fuzz: elapsed: 3m36s, execs: 5986305 (19263/sec), new interesting: 276 (total: 612)
fuzz: elapsed: 3m39s, execs: 6051041 (21579/sec), new interesting: 285 (total: 621)
fuzz: elapsed: 3m42s, execs: 6190626 (46520/sec), new interesting: 290 (total: 626)
fuzz: elapsed: 3m45s, execs: 6245922 (18428/sec), new interesting: 291 (total: 627)
fuzz: elapsed: 3m48s, execs: 6380892 (45007/sec), new interesting: 291 (total: 627)
fuzz: elapsed: 3m51s, execs: 6463276 (27464/sec), new interesting: 292 (total: 628)
fuzz: elapsed: 3m54s, execs: 6540660 (25792/sec), new interesting: 293 (total: 629)
fuzz: elapsed: 3m57s, execs: 6600609 (19981/sec), new interesting: 295 (total: 631)
fuzz: elapsed: 4m0s, execs: 6719778 (39726/sec), new interesting: 296 (total: 632)
fuzz: elapsed: 4m3s, execs: 6810778 (30337/sec), new interesting: 303 (total: 639)
fuzz: elapsed: 4m6s, execs: 6861434 (16874/sec), new interesting: 308 (total: 644)
fuzz: elapsed: 4m9s, execs: 6975177 (37928/sec), new interesting: 309 (total: 645)
fuzz: elapsed: 4m12s, execs: 7036312 (20382/sec), new interesting: 309 (total: 645)
fuzz: elapsed: 4m15s, execs: 7096005 (19884/sec), new interesting: 309 (total: 645)
fuzz: elapsed: 4m18s, execs: 7157859 (20632/sec), new interesting: 309 (total: 645)
fuzz: elapsed: 4m21s, execs: 7196316 (12818/sec), new interesting: 309 (total: 645)
fuzz: elapsed: 4m21s, execs: 7196316 (0/sec), new interesting: 309 (total: 645)
PASS
ok  	istio.io/istio/pkg/dns/client	261.066s
EXIT: 0
